// Jest Snapshot v1, https://goo.gl/fbAQLP

exports[`the server HTML for the root URL is correct 1`] = `
"<div data-test-id=\\"content\\" id=\\"content\\">
  <div data-test-id=\\"/\\">
    <header><h1>Cool Gists App</h1></header>
    <nav>
      <ul>
        <li><a href=\\"/links\\">Link preloads and stuff</a></li>
        <li>
          <a href=\\"/gists\\">View Some gists</a
          ><link
            rel=\\"prefetch\\"
            as=\\"fetch\\"
            href=\\"/gists?_data=routes%2Fgists\\"
          /><link
            rel=\\"prefetch\\"
            as=\\"fetch\\"
            href=\\"/gists?_data=routes%2Fgists%2Findex\\"
          /><link
            rel=\\"modulepreload\\"
            href=\\"/build/routes/gists-PW7O56YK.js\\"
          /><link
            rel=\\"modulepreload\\"
            href=\\"/build/_shared/chunk-OOKQGUJU.js\\"
          /><link
            rel=\\"modulepreload\\"
            href=\\"/build/_shared/chunk-GWKYHAC6.js\\"
          /><link
            rel=\\"modulepreload\\"
            href=\\"/build/routes/gists/index-W6N62P5H.js\\"
          />
        </li>
        <li><a href=\\"/gists/mjackson\\">View Michael's gists</a></li>
        <li><a href=\\"/gists/mjijackson\\">Loader Redirect</a></li>
        <li><a href=\\"/fart\\">Broken link</a></li>
        <li><a href=\\"/methods\\">Forms</a></li>
        <li><a href=\\"/actions\\">Actions</a></li>
        <li><a href=\\"/fetchers\\">Fetchers</a></li>
        <li>
          <a href=\\"/loader-errors?throw\\">Loader error with no ErrorBoundary</a>
        </li>
        <li>
          <a href=\\"/loader-errors/nested\\"
            >Loader error in nested route with ErrorBoundary</a
          >
        </li>
        <li>
          <a href=\\"/render-errors?throw\\">Render error with no ErrorBoundary</a>
        </li>
        <li>
          <a href=\\"/render-errors/nested\\"
            >Render error in nested route with ErrorBoundary</a
          >
        </li>
        <li><a href=\\"/multiple-set-cookies\\">Multiple Set Cookie Headers</a></li>
        <li><a href=\\"/prefs\\">Preferences</a></li>
      </ul>
    </nav>
    <div><p>Shared</p></div>
  </div>
</div>
"
`;
